
VTU1@vtu MINGW64 ~/OneDrive/Desktop/aniketk (sdqbranch)
$ mkdir hi

VTU1@vtu MINGW64 ~/OneDrive/Desktop/aniketk (sdqbranch)
$ cd hi

VTU1@vtu MINGW64 ~/OneDrive/Desktop/aniketk/hi (sdqbranch)
$ git init
Initialized empty Git repository in C:/Users/VTU1/OneDrive/Desktop/aniketk/hi/.git/

VTU1@vtu MINGW64 ~/OneDrive/Desktop/aniketk/hi (master)
$ touch dot.txt

VTU1@vtu MINGW64 ~/OneDrive/Desktop/aniketk/hi (master)
$ git add .

VTU1@vtu MINGW64 ~/OneDrive/Desktop/aniketk/hi (master)
$ git commit -m "file created"
[master (root-commit) 5886b37] file created
 1 file changed, 0 insertions(+), 0 deletions(-)
 create mode 100644 dot.txt

VTU1@vtu MINGW64 ~/OneDrive/Desktop/aniketk/hi (master)
$ git log
commit 5886b374f8e7c12b930af0a3f372f15ad97a90a3 (HEAD -> master)
Author: aniket <aniket@gmail.com>
Date:   Wed Oct 15 14:35:51 2025 +0530

    file created

VTU1@vtu MINGW64 ~/OneDrive/Desktop/aniketk/hi (master)
$ vi pk.txt

[1]+  Stopped                 vi pk.txt

VTU1@vtu MINGW64 ~/OneDrive/Desktop/aniketk/hi (master)
$ rm pk.txt
rm: cannot remove 'pk.txt': No such file or directory

VTU1@vtu MINGW64 ~/OneDrive/Desktop/aniketk/hi (master)
$ del pk.txt
bash: del: command not found

VTU1@vtu MINGW64 ~/OneDrive/Desktop/aniketk/hi (master)
$ git rm pk.txt
fatal: pathspec 'pk.txt' did not match any files

VTU1@vtu MINGW64 ~/OneDrive/Desktop/aniketk/hi (master)
$ git status
On branch master
Untracked files:
  (use "git add <file>..." to include in what will be committed)
        .pk.txt.swp

nothing added to commit but untracked files present (use "git add" to track)

VTU1@vtu MINGW64 ~/OneDrive/Desktop/aniketk/hi (master)
$ git add .

VTU1@vtu MINGW64 ~/OneDrive/Desktop/aniketk/hi (master)
$ git status
On branch master
Changes to be committed:
  (use "git restore --staged <file>..." to unstage)
        new file:   .pk.txt.swp

Changes not staged for commit:
  (use "git add <file>..." to update what will be committed)
  (use "git restore <file>..." to discard changes in working directory)
        modified:   .pk.txt.swp


VTU1@vtu MINGW64 ~/OneDrive/Desktop/aniketk/hi (master)
$ git rm pk.txt
fatal: pathspec 'pk.txt' did not match any files

VTU1@vtu MINGW64 ~/OneDrive/Desktop/aniketk/hi (master)
$ git commit -m "added a file"
[master bf49f47] added a file
 1 file changed, 0 insertions(+), 0 deletions(-)
 create mode 100644 .pk.txt.swp

VTU1@vtu MINGW64 ~/OneDrive/Desktop/aniketk/hi (master)
$ git log
commit bf49f470302fd3762e079d183e3feb92a704e789 (HEAD -> master)
Author: aniket <aniket@gmail.com>
Date:   Wed Oct 15 14:40:25 2025 +0530

    added a file

commit 5886b374f8e7c12b930af0a3f372f15ad97a90a3
Author: aniket <aniket@gmail.com>
Date:   Wed Oct 15 14:35:51 2025 +0530

    file created

VTU1@vtu MINGW64 ~/OneDrive/Desktop/aniketk/hi (master)
$ git branch
* master

VTU1@vtu MINGW64 ~/OneDrive/Desktop/aniketk/hi (master)
$ git checkout new
error: pathspec 'new' did not match any file(s) known to git

VTU1@vtu MINGW64 ~/OneDrive/Desktop/aniketk/hi (master)
$ git checkout 'new'
error: pathspec 'new' did not match any file(s) known to git

VTU1@vtu MINGW64 ~/OneDrive/Desktop/aniketk/hi (master)
$ git branch new

VTU1@vtu MINGW64 ~/OneDrive/Desktop/aniketk/hi (master)
$ git checkout 'new'
M       .pk.txt.swp
Switched to branch 'new'

VTU1@vtu MINGW64 ~/OneDrive/Desktop/aniketk/hi (new)
$ vi pk.txt

VTU1@vtu MINGW64 ~/OneDrive/Desktop/aniketk/hi (new)
$ git add .
warning: in the working copy of 'pk.txt', LF will be replaced by CRLF the next time Git touches it

VTU1@vtu MINGW64 ~/OneDrive/Desktop/aniketk/hi (new)
$ git branch
  master
* new

VTU1@vtu MINGW64 ~/OneDrive/Desktop/aniketk/hi (new)
$ git status
On branch new
Changes to be committed:
  (use "git restore --staged <file>..." to unstage)
        modified:   .pk.txt.swp
        new file:   pk.txt


VTU1@vtu MINGW64 ~/OneDrive/Desktop/aniketk/hi (new)
$ git log
commit bf49f470302fd3762e079d183e3feb92a704e789 (HEAD -> new, master)
Author: aniket <aniket@gmail.com>
Date:   Wed Oct 15 14:40:25 2025 +0530

    added a file

commit 5886b374f8e7c12b930af0a3f372f15ad97a90a3
Author: aniket <aniket@gmail.com>
Date:   Wed Oct 15 14:35:51 2025 +0530

    file created

VTU1@vtu MINGW64 ~/OneDrive/Desktop/aniketk/hi (new)
$ git commit -m "edited file"
[new ebff0e9] edited file
 2 files changed, 1 insertion(+)
 create mode 100644 pk.txt

VTU1@vtu MINGW64 ~/OneDrive/Desktop/aniketk/hi (new)
$ git log
commit ebff0e92559246919be4ca25ceb28751c6e96b3a (HEAD -> new)
Author: aniket <aniket@gmail.com>
Date:   Wed Oct 15 14:46:16 2025 +0530

    edited file

commit bf49f470302fd3762e079d183e3feb92a704e789 (master)
Author: aniket <aniket@gmail.com>
Date:   Wed Oct 15 14:40:25 2025 +0530

    added a file

commit 5886b374f8e7c12b930af0a3f372f15ad97a90a3
Author: aniket <aniket@gmail.com>
Date:   Wed Oct 15 14:35:51 2025 +0530

    file created

VTU1@vtu MINGW64 ~/OneDrive/Desktop/aniketk/hi (new)
$ mkdir clone

VTU1@vtu MINGW64 ~/OneDrive/Desktop/aniketk/hi (new)
$ cd clone

VTU1@vtu MINGW64 ~/OneDrive/Desktop/aniketk/hi/clone (new)
$ git clone https://github.com/ANIKETKADAM515/project.git
Cloning into 'project'...
remote: Enumerating objects: 6, done.
remote: Counting objects: 100% (6/6), done.
remote: Compressing objects: 100% (5/5), done.
remote: Total 6 (delta 0), reused 0 (delta 0), pack-reused 0 (from 0)
Receiving objects: 100% (6/6), done.

VTU1@vtu MINGW64 ~/OneDrive/Desktop/aniketk/hi/clone (new)
$ cd project

VTU1@vtu MINGW64 ~/OneDrive/Desktop/aniketk/hi/clone/project (main)
$ git fetch origin

VTU1@vtu MINGW64 ~/OneDrive/Desktop/aniketk/hi/clone/project (main)
$ git  rebase origin
Current branch main is up to date.

VTU1@vtu MINGW64 ~/OneDrive/Desktop/aniketk/hi/clone/project (main)
$ git log
commit 07b0c043480231a4d28db368ef3b9999a9c3504c (HEAD -> main, origin/main, origin/HEAD)
Author: ANIKETKADAM515 <kadamaniket7259@gmail.com>
Date:   Wed Oct 8 15:27:30 2025 +0530

    Create lab.txt

commit d6607e49586bb435aadb641b5316473391862869
Author: ANIKETKADAM515 <kadamaniket7259@gmail.com>
Date:   Wed Oct 8 15:12:55 2025 +0530

    Create index.html

VTU1@vtu MINGW64 ~/OneDrive/Desktop/aniketk/hi/clone/project (main)
$ git checkout new
error: pathspec 'new' did not match any file(s) known to git

VTU1@vtu MINGW64 ~/OneDrive/Desktop/aniketk/hi/clone/project (main)
$ cd .

VTU1@vtu MINGW64 ~/OneDrive/Desktop/aniketk/hi/clone/project (main)
$ cd ..

VTU1@vtu MINGW64 ~/OneDrive/Desktop/aniketk/hi/clone (new)
$ vi pk.txt

VTU1@vtu MINGW64 ~/OneDrive/Desktop/aniketk/hi/clone (new)
$ git add .
warning: in the working copy of 'clone/pk.txt', LF will be replaced by CRLF the next time Git touches it
warning: adding embedded git repository: clone/project
hint: You've added another git repository inside your current repository.
hint: Clones of the outer repository will not contain the contents of
hint: the embedded repository and will not know how to obtain it.
hint: If you meant to add a submodule, use:
hint:
hint:   git submodule add <url> clone/project
hint:
hint: If you added this path by mistake, you can remove it from the
hint: index with:
hint:
hint:   git rm --cached clone/project
hint:
hint: See "git help submodule" for more information.
hint: Disable this message with "git config set advice.addEmbeddedRepo false"

VTU1@vtu MINGW64 ~/OneDrive/Desktop/aniketk/hi/clone (new)
$ git status
On branch new
Changes to be committed:
  (use "git restore --staged <file>..." to unstage)
        new file:   pk.txt
        new file:   project


VTU1@vtu MINGW64 ~/OneDrive/Desktop/aniketk/hi/clone (new)
$ git log
commit ebff0e92559246919be4ca25ceb28751c6e96b3a (HEAD -> new)
Author: aniket <aniket@gmail.com>
Date:   Wed Oct 15 14:46:16 2025 +0530

    edited file

commit bf49f470302fd3762e079d183e3feb92a704e789 (master)
Author: aniket <aniket@gmail.com>
Date:   Wed Oct 15 14:40:25 2025 +0530

    added a file

commit 5886b374f8e7c12b930af0a3f372f15ad97a90a3
Author: aniket <aniket@gmail.com>
Date:   Wed Oct 15 14:35:51 2025 +0530

    file created

VTU1@vtu MINGW64 ~/OneDrive/Desktop/aniketk/hi/clone (new)
$ git commit -m "edited a file again"
[new 13a15be] edited a file again
 2 files changed, 2 insertions(+)
 create mode 100644 clone/pk.txt
 create mode 160000 clone/project

VTU1@vtu MINGW64 ~/OneDrive/Desktop/aniketk/hi/clone (new)
$ git log
commit 13a15be5a792b04779051e2df92a2063e79ebdec (HEAD -> new)
Author: aniket <aniket@gmail.com>
Date:   Wed Oct 15 14:53:23 2025 +0530

    edited a file again

commit ebff0e92559246919be4ca25ceb28751c6e96b3a
Author: aniket <aniket@gmail.com>
Date:   Wed Oct 15 14:46:16 2025 +0530

    edited file

commit bf49f470302fd3762e079d183e3feb92a704e789 (master)
Author: aniket <aniket@gmail.com>
Date:   Wed Oct 15 14:40:25 2025 +0530

    added a file

commit 5886b374f8e7c12b930af0a3f372f15ad97a90a3
Author: aniket <aniket@gmail.com>
Date:   Wed Oct 15 14:35:51 2025 +0530

    file created

VTU1@vtu MINGW64 ~/OneDrive/Desktop/aniketk/hi/clone (new)
$ git checkout master
warning: unable to rmdir 'clone/project': Directory not empty
Switched to branch 'master'

VTU1@vtu MINGW64 ~/OneDrive/Desktop/aniketk/hi/clone (master)
$ git merge new
Updating bf49f47..13a15be
Fast-forward
 .pk.txt.swp   | Bin 0 -> 12288 bytes
 clone/pk.txt  |   1 +
 clone/project |   1 +
 pk.txt        |   1 +
 4 files changed, 3 insertions(+)
 create mode 100644 clone/pk.txt
 create mode 160000 clone/project
 create mode 100644 pk.txt

VTU1@vtu MINGW64 ~/OneDrive/Desktop/aniketk/hi/clone (master)
$ git log
commit 13a15be5a792b04779051e2df92a2063e79ebdec (HEAD -> master, new)
Author: aniket <aniket@gmail.com>
Date:   Wed Oct 15 14:53:23 2025 +0530

    edited a file again

commit ebff0e92559246919be4ca25ceb28751c6e96b3a
Author: aniket <aniket@gmail.com>
Date:   Wed Oct 15 14:46:16 2025 +0530

    edited file

commit bf49f470302fd3762e079d183e3feb92a704e789
Author: aniket <aniket@gmail.com>
Date:   Wed Oct 15 14:40:25 2025 +0530

    added a file

commit 5886b374f8e7c12b930af0a3f372f15ad97a90a3
Author: aniket <aniket@gmail.com>
Date:   Wed Oct 15 14:35:51 2025 +0530

    file created

VTU1@vtu MINGW64 ~/OneDrive/Desktop/aniketk/hi/clone (master)
$ git tag v1.0

VTU1@vtu MINGW64 ~/OneDrive/Desktop/aniketk/hi/clone (master)
$ git show v1.0
commit 13a15be5a792b04779051e2df92a2063e79ebdec (HEAD -> master, tag: v1.0, new)
Author: aniket <aniket@gmail.com>
Date:   Wed Oct 15 14:53:23 2025 +0530

    edited a file again

diff --git a/clone/pk.txt b/clone/pk.txt
new file mode 100644
index 0000000..abf30f4
--- /dev/null
+++ b/clone/pk.txt
@@ -0,0 +1 @@
+hey this exp 6
diff --git a/clone/project b/clone/project
new file mode 160000
index 0000000..07b0c04
--- /dev/null
+++ b/clone/project
@@ -0,0 +1 @@
+Subproject commit 07b0c043480231a4d28db368ef3b9999a9c3504c

VTU1@vtu MINGW64 ~/OneDrive/Desktop/aniketk/hi/clone (master)
$ git tag
v1.0

VTU1@vtu MINGW64 ~/OneDrive/Desktop/aniketk/hi/clone (master)
$ git show v1.0
commit 13a15be5a792b04779051e2df92a2063e79ebdec (HEAD -> master, tag: v1.0, new)
Author: aniket <aniket@gmail.com>
Date:   Wed Oct 15 14:53:23 2025 +0530

    edited a file again

diff --git a/clone/pk.txt b/clone/pk.txt
new file mode 100644
index 0000000..abf30f4
--- /dev/null
+++ b/clone/pk.txt
@@ -0,0 +1 @@
+hey this exp 6
diff --git a/clone/project b/clone/project
new file mode 160000
index 0000000..07b0c04
--- /dev/null
+++ b/clone/project
@@ -0,0 +1 @@
+Subproject commit 07b0c043480231a4d28db368ef3b9999a9c3504c

VTU1@vtu MINGW64 ~/OneDrive/Desktop/aniketk/hi/clone (master)
$ git branch
* master
  new

VTU1@vtu MINGW64 ~/OneDrive/Desktop/aniketk/hi/clone (master)
$ git branch source-branch

VTU1@vtu MINGW64 ~/OneDrive/Desktop/aniketk/hi/clone (master)
$ git branch
* master
  new
  source-branch

VTU1@vtu MINGW64 ~/OneDrive/Desktop/aniketk/hi/clone (master)
$ git checkout source-branch
Switched to branch 'source-branch'

VTU1@vtu MINGW64 ~/OneDrive/Desktop/aniketk/hi/clone (source-branch)
$ vi pk.txt

VTU1@vtu MINGW64 ~/OneDrive/Desktop/aniketk/hi/clone (source-branch)
$ vi pk.txt

VTU1@vtu MINGW64 ~/OneDrive/Desktop/aniketk/hi/clone (source-branch)
$ git add .

VTU1@vtu MINGW64 ~/OneDrive/Desktop/aniketk/hi/clone (source-branch)
$ git commit -m "this is edited in source-branch"
On branch source-branch
nothing to commit, working tree clean

VTU1@vtu MINGW64 ~/OneDrive/Desktop/aniketk/hi/clone (source-branch)
$ git status
On branch source-branch
nothing to commit, working tree clean

VTU1@vtu MINGW64 ~/OneDrive/Desktop/aniketk/hi/clone (source-branch)
$ vi pk.txt

VTU1@vtu MINGW64 ~/OneDrive/Desktop/aniketk/hi/clone (source-branch)
$ git commit -m "this is edited in source-branch"
On branch source-branch
Changes not staged for commit:
  (use "git add <file>..." to update what will be committed)
  (use "git restore <file>..." to discard changes in working directory)
        modified:   pk.txt

no changes added to commit (use "git add" and/or "git commit -a")

VTU1@vtu MINGW64 ~/OneDrive/Desktop/aniketk/hi/clone (source-branch)
$ git add .

VTU1@vtu MINGW64 ~/OneDrive/Desktop/aniketk/hi/clone (source-branch)
$ git commit -m "this is edited in source-branch"
[source-branch 1989b98] this is edited in source-branch
 1 file changed, 1 insertion(+), 1 deletion(-)

VTU1@vtu MINGW64 ~/OneDrive/Desktop/aniketk/hi/clone (source-branch)
$ git log
commit 1989b98c729515f2a2c698cbf6cafac69aa33742 (HEAD -> source-branch)
Author: aniket <aniket@gmail.com>
Date:   Wed Oct 15 15:03:30 2025 +0530

    this is edited in source-branch

commit 13a15be5a792b04779051e2df92a2063e79ebdec (tag: v1.0, new, master)
Author: aniket <aniket@gmail.com>
Date:   Wed Oct 15 14:53:23 2025 +0530

    edited a file again

commit ebff0e92559246919be4ca25ceb28751c6e96b3a
Author: aniket <aniket@gmail.com>
Date:   Wed Oct 15 14:46:16 2025 +0530

    edited file

commit bf49f470302fd3762e079d183e3feb92a704e789
Author: aniket <aniket@gmail.com>
Date:   Wed Oct 15 14:40:25 2025 +0530

    added a file

commit 5886b374f8e7c12b930af0a3f372f15ad97a90a3
Author: aniket <aniket@gmail.com>
Date:   Wed Oct 15 14:35:51 2025 +0530

    file created

VTU1@vtu MINGW64 ~/OneDrive/Desktop/aniketk/hi/clone (source-branch)
$ git checkout master
Switched to branch 'master'

VTU1@vtu MINGW64 ~/OneDrive/Desktop/aniketk/hi/clone (master)
$ git cherry-pick
usage: git cherry-pick [--edit] [-n] [-m <parent-number>] [-s] [-x] [--ff]
                       [-S[<keyid>]] <commit>...
   or: git cherry-pick (--continue | --skip | --abort | --quit)

    --quit                end revert or cherry-pick sequence
    --continue            resume revert or cherry-pick sequence
    --abort               cancel revert or cherry-pick sequence
    --skip                skip current commit and continue
    --[no-]cleanup <mode> how to strip spaces and #comments from message
    -n, --no-commit       don't automatically commit
    --commit              opposite of --no-commit
    -e, --[no-]edit       edit the commit message
    -s, --[no-]signoff    add a Signed-off-by trailer
    -m, --[no-]mainline <parent-number>
                          select mainline parent
    --[no-]rerere-autoupdate
                          update the index with reused conflict resolution if possible
    --[no-]strategy <strategy>
                          merge strategy
    -X, --[no-]strategy-option <option>
                          option for merge strategy
    -S, --[no-]gpg-sign[=<key-id>]
                          GPG sign commit
    -x                    append commit name
    --[no-]ff             allow fast-forward
    --[no-]allow-empty    preserve initially empty commits
    --[no-]allow-empty-message
                          allow commits with empty messages
    --[no-]keep-redundant-commits
                          deprecated: use --empty=keep instead
    --empty (stop|drop|keep)
                          how to handle commits that become empty


VTU1@vtu MINGW64 ~/OneDrive/Desktop/aniketk/hi/clone (master)
$ git cherry-pick 1989b98c729515f2a2c698cbf6cafac69aa33742
[master 2cea958] this is edited in source-branch
 Date: Wed Oct 15 15:03:30 2025 +0530
 1 file changed, 1 insertion(+), 1 deletion(-)

VTU1@vtu MINGW64 ~/OneDrive/Desktop/aniketk/hi/clone (master)
$ git show 1989b98c729515f2a2c698cbf6cafac69aa33742
commit 1989b98c729515f2a2c698cbf6cafac69aa33742 (source-branch)
Author: aniket <aniket@gmail.com>
Date:   Wed Oct 15 15:03:30 2025 +0530

    this is edited in source-branch

diff --git a/clone/pk.txt b/clone/pk.txt
index abf30f4..59144f7 100644
--- a/clone/pk.txt
+++ b/clone/pk.txt
@@ -1 +1 @@
-hey this exp 6
+hey this exp 8

VTU1@vtu MINGW64 ~/OneDrive/Desktop/aniketk/hi/clone (master)
$ git log --author="project" --since"2025
> ^C

VTU1@vtu MINGW64 ~/OneDrive/Desktop/aniketk/hi/clone (master)
$ git log --author="project" --since"2025-09-15" --until="2025-10-15"
fatal: unrecognized argument: --since2025-09-15

VTU1@vtu MINGW64 ~/OneDrive/Desktop/aniketk/hi/clone (master)
$ git log --author="project" --since"2025-10-15" --until="2025-10-15"
fatal: unrecognized argument: --since2025-10-15

VTU1@vtu MINGW64 ~/OneDrive/Desktop/aniketk/hi/clone (master)
$ git log
commit 2cea958cefe48b20cbb767dc671ca7a4bc5ada54 (HEAD -> master)
Author: aniket <aniket@gmail.com>
Date:   Wed Oct 15 15:03:30 2025 +0530

    this is edited in source-branch

commit 13a15be5a792b04779051e2df92a2063e79ebdec (tag: v1.0, new)
Author: aniket <aniket@gmail.com>
Date:   Wed Oct 15 14:53:23 2025 +0530

    edited a file again

commit ebff0e92559246919be4ca25ceb28751c6e96b3a
Author: aniket <aniket@gmail.com>
Date:   Wed Oct 15 14:46:16 2025 +0530

    edited file

commit bf49f470302fd3762e079d183e3feb92a704e789
Author: aniket <aniket@gmail.com>
Date:   Wed Oct 15 14:40:25 2025 +0530

    added a file

commit 5886b374f8e7c12b930af0a3f372f15ad97a90a3
Author: aniket <aniket@gmail.com>
Date:   Wed Oct 15 14:35:51 2025 +0530

    file created

VTU1@vtu MINGW64 ~/OneDrive/Desktop/aniketk/hi/clone (master)
$ git log --author="aniket" --since"2025-10-15" --until="2025-10-15"
fatal: unrecognized argument: --since2025-10-15

VTU1@vtu MINGW64 ~/OneDrive/Desktop/aniketk/hi/clone (master)
$ git log --author="aniketk" --since"2025-10-15" --until="2025-10-15"
fatal: unrecognized argument: --since2025-10-15

VTU1@vtu MINGW64 ~/OneDrive/Desktop/aniketk/hi/clone (master)
$ git log --author="Aniket" --since"2025-10-15" --until="2025-10-15"
fatal: unrecognized argument: --since2025-10-15

VTU1@vtu MINGW64 ~/OneDrive/Desktop/aniketk/hi/clone (master)
$ git log --pretty="%an"
aniket
aniket
aniket
aniket
aniket

VTU1@vtu MINGW64 ~/OneDrive/Desktop/aniketk/hi/clone (master)
$ git log --author="aniketk"--since"2025-10-15"--until="2025-10-15"

VTU1@vtu MINGW64 ~/OneDrive/Desktop/aniketk/hi/clone (master)
$ git log --pretty="%an"
aniket
aniket
aniket
aniket
aniket

VTU1@vtu MINGW64 ~/OneDrive/Desktop/aniketk/hi/clone (master)
$ git log --author="aniketk"--since"2025-10-15"--until="2025-10-15"

VTU1@vtu MINGW64 ~/OneDrive/Desktop/aniketk/hi/clone (master)
$ git log --author="aniketk"--since"2025-10-15"

VTU1@vtu MINGW64 ~/OneDrive/Desktop/aniketk/hi/clone (master)
$ git log --author="aniket"--since"2025-10-15"

VTU1@vtu MINGW64 ~/OneDrive/Desktop/aniketk/hi/clone (master)
$ git log -s
commit 2cea958cefe48b20cbb767dc671ca7a4bc5ada54 (HEAD -> master)
Author: aniket <aniket@gmail.com>
Date:   Wed Oct 15 15:03:30 2025 +0530

    this is edited in source-branch

commit 13a15be5a792b04779051e2df92a2063e79ebdec (tag: v1.0, new)
Author: aniket <aniket@gmail.com>
Date:   Wed Oct 15 14:53:23 2025 +0530

    edited a file again

commit ebff0e92559246919be4ca25ceb28751c6e96b3a
Author: aniket <aniket@gmail.com>
Date:   Wed Oct 15 14:46:16 2025 +0530

    edited file

commit bf49f470302fd3762e079d183e3feb92a704e789
Author: aniket <aniket@gmail.com>
Date:   Wed Oct 15 14:40:25 2025 +0530

    added a file

commit 5886b374f8e7c12b930af0a3f372f15ad97a90a3
Author: aniket <aniket@gmail.com>
Date:   Wed Oct 15 14:35:51 2025 +0530

    file created

VTU1@vtu MINGW64 ~/OneDrive/Desktop/aniketk/hi/clone (master)
$ git log -n
error: -n requires an argument

VTU1@vtu MINGW64 ~/OneDrive/Desktop/aniketk/hi/clone (master)
$ git log -s
commit 2cea958cefe48b20cbb767dc671ca7a4bc5ada54 (HEAD -> master)
Author: aniket <aniket@gmail.com>
Date:   Wed Oct 15 15:03:30 2025 +0530

    this is edited in source-branch

commit 13a15be5a792b04779051e2df92a2063e79ebdec (tag: v1.0, new)
Author: aniket <aniket@gmail.com>
Date:   Wed Oct 15 14:53:23 2025 +0530

    edited a file again

commit ebff0e92559246919be4ca25ceb28751c6e96b3a
Author: aniket <aniket@gmail.com>
Date:   Wed Oct 15 14:46:16 2025 +0530

    edited file

commit bf49f470302fd3762e079d183e3feb92a704e789
Author: aniket <aniket@gmail.com>
Date:   Wed Oct 15 14:40:25 2025 +0530

    added a file

commit 5886b374f8e7c12b930af0a3f372f15ad97a90a3
Author: aniket <aniket@gmail.com>
Date:   Wed Oct 15 14:35:51 2025 +0530

    file created

VTU1@vtu MINGW64 ~/OneDrive/Desktop/aniketk/hi/clone (master)
$ git log --author="aniket"--since"2025-10-15"
